获取失败：https://www.biaoqingbao.net/wp-content/uploads/2020/07/201908182215072163-150x150.gif